// Jest Snapshot v1, https://goo.gl/fbAQLP

exports[`<GenericFallbackError /> @renders with page message containing link text 1`] = `
<p
  class="govuk-body"
  data-qa="message"
>
  Please use 
  <a
    href="/projects/dashboard"
    rel="noopener noreferrer"
    target="_blank"
  >
    Google
  </a>
  .
</p>
`;
