// Jest Snapshot v1, https://goo.gl/fbAQLP

exports[`mapProfilePeriodDetailDtoArray should map the gql node to the dto array 1`] = `
[
  {
    "forecastCost": 10,
    "partnerId": "a0D2600000zXl70EAC",
  },
  {
    "forecastCost": 20,
    "partnerId": "a0D2600000zXl70EAC",
  },
  {
    "forecastCost": 30,
    "partnerId": "a0D2600000zXl70EAC",
  },
  {
    "forecastCost": 40,
    "partnerId": "a0D2600000zXl70EAC",
  },
  {
    "forecastCost": 50,
    "partnerId": "a0D2600000zXl70EAC",
  },
  {
    "forecastCost": 60,
    "partnerId": "a0D2600000zXl70EAC",
  },
  {
    "forecastCost": 70,
    "partnerId": "a0D2600000zXl70EAC",
  },
  {
    "forecastCost": 80,
    "partnerId": "a0D2600000zXl70EAC",
  },
  {
    "forecastCost": 90,
    "partnerId": "a0D2600000zXl70EAC",
  },
  {
    "forecastCost": 100,
    "partnerId": "a0D2600000zXl70EAC",
  },
]
`;
