// Jest Snapshot v1, https://goo.gl/fbAQLP

exports[`LoadDate date should be a day 2 years ago 1`] = `"2018-04-23 11:34"`;

exports[`LoadDate date should be a day a month ago 1`] = `"2020-03-23 11:34"`;

exports[`LoadDate date should be a time an hour ago 1`] = `"2020-04-23 10:34"`;

exports[`LoadDate date should be christmas of the next year 1`] = `"2021-12-25 00:00"`;

exports[`LoadDate date should be now 1`] = `"2020-04-23 11:34"`;

exports[`LoadDate date should be offset by nothing 1`] = `"2020-04-23 11:34"`;

exports[`LoadDate date should be today midnight 1`] = `"2020-04-23 00:00"`;

exports[`LoadDate date should be yesterday midnight 1`] = `"2020-04-22 00:00"`;
