// Jest Snapshot v1, https://goo.gl/fbAQLP

exports[`Date helpers calendarMonthNames 1`] = `
Array [
  "January",
  "February",
  "March",
  "April",
  "May",
  "June",
  "July",
  "August",
  "September",
  "October",
  "November",
  "December",
]
`;
