// Jest Snapshot v1, https://goo.gl/fbAQLP

exports[`<PhaseBanner /> @renders with composed message 1`] = `
<span
  class="govuk-phase-banner__text"
  data-qa="banner-message"
>
  This is written in JavaScript. Your 
  <a
    class="govuk-link"
    data-qa="phase-banner-link"
    href="https://www.surveymonkey.co.uk/r/IFSPostAwardFeedback"
    rel="noopener noreferrer"
    target="_blank"
  >
    continued hatred of JavaScript
  </a>
   will help us.
</span>
`;
